Ranklogfile for rank 0: 

--Cuda Summary--


+------+-----------+------+--------+--------------+-------------+------------+-----------------+-----------------+
| STID | cudaName  | CBID | #Calls | t_compute[s] | t_memcpy[s] | t_other[s] | Host->Device[B] | Device->Host[B] |
+------+-----------+------+--------+--------------+-------------+------------+-----------------+-----------------+
|    0 | cudafunc4 |   13 |      3 |        30.00 |        0.00 |       0.00 |               0 |               0 |
|    1 | cudafunc3 |   31 |      1 |         0.00 |       20.00 |       0.00 |               0 |          524288 |
|    2 | cudafunc2 |   31 |      1 |         0.00 |        1.00 |       0.00 |         1048576 |               0 |
|    3 | cudafunc1 |   13 |      1 |         1.00 |        0.00 |       0.00 |               0 |               0 |
+------+-----------+------+--------+--------------+-------------+------------+-----------------+-----------------+
Ranklogfile for rank 1: 

--Cuda Summary--


+------+-----------+------+--------+--------------+-------------+------------+-----------------+-----------------+
| STID | cudaName  | CBID | #Calls | t_compute[s] | t_memcpy[s] | t_other[s] | Host->Device[B] | Device->Host[B] |
+------+-----------+------+--------+--------------+-------------+------------+-----------------+-----------------+
|    0 | cudafunc4 |   13 |      5 |       100.00 |        0.00 |       0.00 |               0 |               0 |
|    1 | cudafunc3 |   31 |      1 |         0.00 |       40.00 |       0.00 |               0 |          882425 |
|    2 | cudafunc5 |   13 |      1 |        10.00 |        0.00 |       0.00 |               0 |               0 |
|    3 | cudafunc1 |   13 |      1 |         2.00 |        0.00 |       0.00 |               0 |               0 |
|    4 | cudafunc2 |   31 |      1 |         0.00 |        2.00 |       0.00 |         6758401 |               0 |
+------+-----------+------+--------+--------------+-------------+------------+-----------------+-----------------+
Collated logfile: 

--Cuda Summary--


+------+-----------+------+--------+--------------+-------------+------------+-----------------+-----------------+
| STID | cudaName  | CBID | #Calls | t_compute[s] | t_memcpy[s] | t_other[s] | Host->Device[B] | Device->Host[B] |
+------+-----------+------+--------+--------------+-------------+------------+-----------------+-----------------+
|    0 | cudafunc4 |   13 |      8 |      130.000 |       0.000 |      0.000 |               0 |               0 |
|    1 | cudafunc3 |   31 |      2 |        0.000 |      60.000 |      0.000 |               0 |         1406713 |
|    2 | cudafunc5 |   13 |      1 |       10.000 |       0.000 |      0.000 |               0 |               0 |
|    3 | cudafunc1 |   13 |      2 |        3.000 |       0.000 |      0.000 |               0 |               0 |
|    4 | cudafunc2 |   31 |      2 |        0.000 |       3.000 |      0.000 |         7806977 |               0 |
+------+-----------+------+--------+--------------+-------------+------------+-----------------+-----------------+
