Thread 0 at level 0
Thread 0 at level 1 with ancestor 0
Thread 1 at level 1 with ancestor 0
Thread 0 at level 2 with ancestor 1
Thread 1 at level 2 with ancestor 1
