My threadnum = 0

My threadnum = 0

My threadnum = 0
My threadnum = 1

My threadnum = 0
My threadnum = 1
My threadnum = 2
