Threadtree:
   0m
     0m
     1
       0
       1
