Thread 0 at level 0
Thread 0 at level 1
Thread 1 at level 1
Thread 0 at level 2
Thread 1 at level 2
