istack: 0
localID: 0
name: init
callprof.t_excl: 0
callprof.calls: 1
cuptiprof.cbid: 0
cuptiprof.calls: 0
cuptiprof.t_ms: 0.000
cuptiprof.memcpy_in: 0
cuptiprof.memcpy_out: 0
------------------------------------
istack: 1
localID: 1
name: func0
callprof.t_excl: 1
callprof.calls: 1
cuptiprof.cbid: 0
cuptiprof.calls: 0
cuptiprof.t_ms: 0.000
cuptiprof.memcpy_in: 0
cuptiprof.memcpy_out: 0
------------------------------------
istack: 2
localID: 2
name: cudafunc1
callprof.t_excl: 4
callprof.calls: 7
cuptiprof.cbid: 13
cuptiprof.calls: 5
cuptiprof.t_ms: 5000.000
cuptiprof.memcpy_in: 0
cuptiprof.memcpy_out: 0
------------------------------------
istack: 3
localID: 3
name: cudafunc2
callprof.t_excl: 0
callprof.calls: 1
cuptiprof.cbid: 31
cuptiprof.calls: 1
cuptiprof.t_ms: 1000.000
cuptiprof.memcpy_in: 1048576
cuptiprof.memcpy_out: 0
------------------------------------
istack: 4
localID: 4
name: cudafunc3
callprof.t_excl: 0
callprof.calls: 1
cuptiprof.cbid: 31
cuptiprof.calls: 1
cuptiprof.t_ms: 20000.000
cuptiprof.memcpy_in: 0
cuptiprof.memcpy_out: 524288
------------------------------------
istack: 5
localID: 5
name: cudafunc4
callprof.t_excl: 0
callprof.calls: 3
cuptiprof.cbid: 13
cuptiprof.calls: 3
cuptiprof.t_ms: 30000.000
cuptiprof.memcpy_in: 0
cuptiprof.memcpy_out: 0
------------------------------------
