
--Cuda Summary--


+------+-----------+------+--------+--------------+-------------+------------+-----------------+-----------------+
| STID | cudaName  | CBID | #Calls | t_compute[s] | t_memcpy[s] | t_other[s] | Host->Device[B] | Device->Host[B] |
+------+-----------+------+--------+--------------+-------------+------------+-----------------+-----------------+
|    0 | cudafunc3 |   31 |      1 |        0.000 |      20.000 |      0.000 |               0 |          524288 |
|    1 | cudafunc1 |   13 |      5 |        5.000 |       0.000 |      0.000 |               0 |               0 |
|    2 | cudafunc2 |   31 |      1 |        0.000 |       1.000 |      0.000 |         1048576 |               0 |
+------+-----------+------+--------+--------------+-------------+------------+-----------------+-----------------+
