VFTR_OFF: false(default)
VFTR_SAMPLING: false(default)
VFTR_OUT_DIRECTORY: .(default)
VFTR_LOGFILE_BASENAME: (null)(default)
VFTR_LOGFILE_FOR_RANKS: none(default)
VFTR_RANKS_IN_MPI_PROFILE: all(default)
VFTR_SAMPLETIME: 0.005000(default)
VFTR_MPI_LOG: false(default)
VFTR_MPI_SHOW_SYNC_TIME: false(default)
VFTR_VFD_BUFSIZE: 8(default)
VFTR_INCLUDE_ONLY: (null)(default)
VFTR_SCENARIO_FILE: (null)(default)
VFTR_PRECISE: (null)(default)
VFTR_PRINT_STACK_PROFILE: (null)(default)
VFTR_PRINT_STACKS_FOR: (null)(default)
VFTR_STRIP_MODULE_NAMES: false(default)
VFTR_SORT_PROFILE_TABLE: TIME_EXCL(default)
VFTR_SORT_MPI_TABLE: NONE(default)
VFTR_SHOW_FUNCTION_OVERHEAD: false(default)
VFTR_SHOW_CALLTIME_IMBALANCES: false(default)
VFTR_GROUP_FUNCTIONS_BY_NAME: false(default)
VFTR_PRINT_ENVIRONMENT: true(default)
VFTR_CALLPATH_IN_PROFILE: false(default)
VFTR_CALLPATH_IN_MPI_PROFILE: false(default)
VFTR_DEMANGLE_CXX: false(default)
