func2<func1<init:
   avg: 7us, min/max=7us(on 0)/7us(on 0), imb=  0.00% on 0
func1<init:
   avg: 23us, min/max=23us(on 0)/23us(on 0), imb=  0.00% on 0
func3<func0<init:
   avg: 8us, min/max=8us(on 0)/8us(on 0), imb=  0.00% on 0
init:
   avg: 0us, min/max=0us(on 0)/0us(on 0), imb=  0.00% on 0
func0<init:
   avg: 37us, min/max=37us(on 0)/37us(on 0), imb=  0.00% on 0
func4<func0<init:
   avg: 13us, min/max=13us(on 0)/13us(on 0), imb=  0.00% on 0
func5<func4<func0<init:
   avg: 2us, min/max=2us(on 0)/2us(on 0), imb=  0.00% on 0
