0: 078db59644466691
1: 0f0f7b48016763f3
2: 263f6fcae0e42475
3: 2d4a2c6b4e487555
4: 3c62ddbc8af7042c
5: 6dafc243664ef0ea
6: 97a98e02b50a9adb
7: b4940ef7974a956a
8: dd0b5c1fc2846cbc
9: e2c1ef7b2ff713e5

0: 078db59644466691
1: 0f0f7b48016763f3
2: 263f6fcae0e42475
3: 2d4a2c6b4e487555
4: 3c62ddbc8af7042c
5: 6dafc243664ef0ea
6: 97a98e02b50a9adb
7: b4940ef7974a956a
8: dd0b5c1fc2846cbc
9: e2c1ef7b2ff713e5

