func2<func1<init:
   nmsg: 2/2, msgsize: 2560/5120
func0<init:
   nmsg: 3/3, msgsize: 42/84
init:
   nmsg: 0/0, msgsize: 0/0
func1<init:
   nmsg: 1/1, msgsize: 128/256
