func2<func1<init:
   calls: 5, time(incl/excl): 15/15 (overhead: 31744)
func4<func2<func0<init:
   calls: 3, time(incl/excl): 15/15 (overhead: 229376)
func1<init:
   calls: 6, time(incl/excl): 60/48 (overhead: 1798)
func2<func0<init:
   calls: 2, time(incl/excl): 7/3 (overhead: 3072)
func5<func1<init:
   calls: 1, time(incl/excl): 2/2 (overhead: 262144)
func3<func0<init:
   calls: 3, time(incl/excl): 8/8 (overhead: 28672)
init:
   calls: 2, time(incl/excl): 40/0 (overhead: 0)
func0<init:
   calls: 8, time(incl/excl): 80/54 (overhead: 132)
func4<func0<init:
   calls: 3, time(incl/excl): 15/13 (overhead: 229376)
func5<func4<func0<init:
   calls: 1, time(incl/excl): 2/2 (overhead: 262144)
