VFTR_OFF: true
VFTR_SAMPLING: false(default)
VFTR_REGIONS_PRECISE: true(default)
VFTR_OUT_DIRECTORY: .(default)
VFTR_LOGFILE_BASENAME: (null)(default)
VFTR_LOGFILE_FOR_RANKS: 0(default)
VFTR_MPI_SUMMARY_FOR_RANKS: (default)
VFTR_SAMPLETIME: 0.005000(default)
VFTR_STOPTIME: 604800(default)
VFTR_ACCURATE_PROFILE: false(default)
VFTR_PROF_TRUNCATE: true(default)
VFTR_PROF_TRUNCATE_CUTOFF: 98.000000(default)
VFTR_MPI_LOG: false(default)
VFTR_MPI_SHOW_SYNC_TIME: false(default)
VFTR_SIGNALS_OFF: true(default)
VFTR_BUFSIZE: 8(default)
VFTR_RUNTIME_PROFILE_FUNCS: (null)(default)
VFTR_INCLUDE_ONLY: (null)(default)
VFTR_DETAIL_UNTIL_CUM_CYCLES: 90.000000(default)
VFTR_SCENARIO_FILE: (null)(default)
VFTR_PRECISE: (null)(default)
VFTR_PRINT_STACK_PROFILE: (null)(default)
VFTR_LICENSE_VERBOSE: false(default)
VFTR_PRINT_STACKS_FOR: (null)(default)
VFTR_PRINT_LOADINFO_FOR: (null)(default)
VFTR_STRIP_MODULE_NAMES: false(default)
VFTR_CREATE_HTML: false(default)
VFTR_SORT_PROFILE_TABLE: EXCL_TIME(default)
VFTR_SHOW_FUNCTION_OVERHEAD: false(default)
VFTR_MEMINFO_METHOD: (default)
VFTR_MEMINFO_STEPSIZE: 1000(default)
VFTR_PRINT_ENVIRONMENT: false(default)
VFTR_NO_MEMTRACE: false(default)
VFTR_SHOW_STACKS_IN_PROFILE: false(default)
VFTR_NO_STACK_NORM: false(default)
VFTR_DEMANGLE_CPP: false(default)
VFTR_SHOW_STARTUP: false(default)
***************************
VFTR_OFF: false
VFTR_SAMPLING: true
VFTR_REGIONS_PRECISE: false
VFTR_OUT_DIRECTORY: "foo/bar"
VFTR_LOGFILE_BASENAME: (null)(default)
VFTR_LOGFILE_FOR_RANKS: 0(default)
VFTR_MPI_SUMMARY_FOR_RANKS: (default)
VFTR_SAMPLETIME: 12.340000
VFTR_STOPTIME: 604800(default)
VFTR_ACCURATE_PROFILE: false(default)
VFTR_PROF_TRUNCATE: true(default)
VFTR_PROF_TRUNCATE_CUTOFF: 98.000000(default)
VFTR_MPI_LOG: true
VFTR_MPI_SHOW_SYNC_TIME: false(default)
VFTR_SIGNALS_OFF: true(default)
VFTR_BUFSIZE: 1234
VFTR_RUNTIME_PROFILE_FUNCS: (null)(default)
VFTR_INCLUDE_ONLY: (null)(default)
VFTR_DETAIL_UNTIL_CUM_CYCLES: 90.000000(default)
VFTR_SCENARIO_FILE: (null)(default)
VFTR_PRECISE: (null)(default)
VFTR_PRINT_STACK_PROFILE: (null)(default)
VFTR_LICENSE_VERBOSE: false(default)
VFTR_PRINT_STACKS_FOR: (null)(default)
VFTR_PRINT_LOADINFO_FOR: (null)(default)
VFTR_STRIP_MODULE_NAMES: false(default)
VFTR_CREATE_HTML: false(default)
VFTR_SORT_PROFILE_TABLE: EXCL_TIME(default)
VFTR_SHOW_FUNCTION_OVERHEAD: false(default)
VFTR_MEMINFO_METHOD: (default)
VFTR_MEMINFO_STEPSIZE: 1000(default)
VFTR_PRINT_ENVIRONMENT: false(default)
VFTR_NO_MEMTRACE: false(default)
VFTR_SHOW_STACKS_IN_PROFILE: false(default)
VFTR_NO_STACK_NORM: false(default)
VFTR_DEMANGLE_CPP: false(default)
VFTR_SHOW_STARTUP: false(default)
