000000006e9984af: 
820103f007446fd2: A
cef122340d15b6ac: When on board H.M.S. Beagle, as naturalist, 
f2cee8d774020de0: I was much struck with certain facts 
cbc15404b81162b5: in the distribution of the organic beings
5cba1d5610139dae: Lorem ipsum dolor sit amet, consectetur adipiscing elit, sed do eiusmod tempor incididunt ut labore et dolore magna aliqua. Ut enim ad minim veniam, quis nostrud exercitation ullamco laboris nisi ut aliquip ex ea commodo consequat. Duis aute irure dolor in reprehenderit in voluptate velit esse cillum dolore eu fugiat nulla pariatur. Excepteur sint occaecat cupidatat non proident, sunt in culpa qui officia deserunt mollit anim id est laborum.
