
Runtime profile
+-------+-----------+-----------+-----------+----------+--------+------+
| Calls | t_excl[s] | t_excl[%] | t_incl[s] | Function | Caller | STID |
+-------+-----------+-----------+-----------+----------+--------+------+
|     1 |  2048.000 |      39.5 |  2048.000 |    func2 |  func0 |    5 |
|     1 |  2048.000 |      39.5 |  4096.000 |    func0 |   init |    9 |
|     1 |   512.000 |       9.9 |   512.000 |    func2 |  func1 |    0 |
|     1 |   256.000 |       4.9 |   256.000 |    func3 |  func1 |    4 |
|     1 |   128.000 |       2.5 |   128.000 |    func4 |  func1 |    1 |
|     1 |   128.000 |       2.5 |  1024.000 |    func1 |   init |    3 |
|     1 |    32.000 |       0.6 |    32.000 |    func3 |  func5 |   10 |
|     1 |    16.000 |       0.3 |    64.000 |    func5 |   init |    6 |
|     1 |    10.000 |       0.2 |    16.000 |    func4 |  func5 |    8 |
|     1 |     4.000 |       0.1 |     4.000 |    func2 |  func4 |   11 |
|     1 |     2.000 |       0.0 |     2.000 |    func3 |  func4 |    2 |
|     1 |     0.000 |       0.0 | 65536.000 |     init |   ---- |    7 |
+-------+-----------+-----------+-----------+----------+--------+------+

Runtime profile (Grouped by function name)
+-------+-----------+-----------+-----------+----------+--------+
| Calls | t_excl[s] | t_excl[%] | t_incl[s] | Function | STIDs  |
+-------+-----------+-----------+-----------+----------+--------+
|     3 |  2564.000 |      49.5 |  2564.000 |    func2 | 0,5,11 |
|     1 |  2048.000 |      39.5 |  4096.000 |    func0 | 9      |
|     3 |   290.000 |       5.6 |   290.000 |    func3 | 2,4,10 |
|     2 |   138.000 |       2.7 |   144.000 |    func4 | 1,8    |
|     1 |   128.000 |       2.5 |  1024.000 |    func1 | 3      |
|     1 |    16.000 |       0.3 |    64.000 |    func5 | 6      |
|     1 |     0.000 |       0.0 | 65536.000 |     init | 7      |
+-------+-----------+-----------+-----------+----------+--------+
