
Communication profile
+----------+-----------------+-----------------+-----------------+-----------------+-----------------+----------+--------+----+
| Messages | avg send size/B | avg recv size/B | avg send BW/B/s | avg recv BW/B/s | avg comm time/s | Function | Caller | ID |
+----------+-----------------+-----------------+-----------------+-----------------+-----------------+----------+--------+----+
|        4 |       3.827e+02 |       2.160e+02 |       2.609e+02 |       1.080e+02 |       1.750e+00 |    func1 |  func0 |  2 |
|        1 |       1.680e+02 |       0.000e+00 |       2.100e+01 |       0.000e+00 |       8.000e+00 |    func3 |  func2 |  4 |
+----------+-----------------+-----------------+-----------------+-----------------+-----------------+----------+--------+----+
