0: a007422cd48452aa
1: 90d8dd6bbf01d6b0
2: b2fadd17e39d6fe8
3: 2f520df93c90a588
4: da65ab154b5a3bd5
5: 305a75a5caa36583
6: 01e62384d4d8ca12
