deregister_tm_clones -> deregister_tm_clones
register_tm_clones -> register_tm_clones
__do_global_dtors_aux -> __do_global_dtors_aux
frame_dummy -> frame_dummy
_Z41__static_initialization_and_destruction_0ii -> __static_initialization_and_destruction_0
_GLOBAL__sub_I__ZN10ANameSpace14InternalStruct17staticIntInternalE -> _GLOBAL__sub_I__ZN10ANameSpace14InternalStruct17staticIntInternalE
_ZNSt12_Vector_baseINSt7__cxx1112basic_stringIcSt11char_traitsIcESaIcEEESaIS5_EEC1ERKS6_ -> std::_Vector_base<..>::_Vector_base
_ZSt18uninitialized_copyIPKNSt7__cxx1112basic_stringIcSt11char_traitsIcESaIcEEEPS5_ET0_T_SA_S9_ -> std::uninitialized_copy<..>
_ZNSt6vectorINSt7__cxx1112basic_stringIcSt11char_traitsIcESaIcEEESaIS5_EED1Ev -> std::vector<..>::~vector
_ZNSt16allocator_traitsISaINSt7__cxx1112basic_stringIcSt11char_traitsIcESaIcEEEEE37select_on_container_copy_constructionERKS6_ -> std::allocator_traits<..>::select_on_container_copy_construction
_ZSt7forwardIRKNSt7__cxx1112basic_stringIcSt11char_traitsIcESaIcEEEEOT_RNSt16remove_referenceIS8_E4typeE -> std::forward<..>
_ZNSt12_Vector_baseINSt7__cxx1112basic_stringIcSt11char_traitsIcESaIcEEESaIS5_EEC1EmRKS6_ -> std::_Vector_base<..>::_Vector_base
__libc_csu_fini -> __libc_csu_fini
_ZN10ANameSpace14InternalStruct6nested12nestedMethodESt6vectorINSt7__cxx1112basic_stringIcSt11char_traitsIcESaIcEEESaIS8_EE -> ANameSpace::InternalStruct::nested::nestedMethod
_ZN9__gnu_cxx13new_allocatorINSt7__cxx1112basic_stringIcSt11char_traitsIcESaIcEEEEC1ERKS7_ -> __gnu_cxx::new_allocator<..>::new_allocator
_ZSt8_DestroyIPNSt7__cxx1112basic_stringIcSt11char_traitsIcESaIcEEEEvT_S7_ -> std::_Destroy<..>
_start -> _start
_ZN9__gnu_cxx13new_allocatorINSt7__cxx1112basic_stringIcSt11char_traitsIcESaIcEEEE10deallocateEPS6_m -> __gnu_cxx::new_allocator<..>::deallocate
_ZNSt12_Vector_baseINSt7__cxx1112basic_stringIcSt11char_traitsIcESaIcEEESaIS5_EE17_M_create_storageEm -> std::_Vector_base<..>::_M_create_storage
_ZN9__gnu_cxx13new_allocatorINSt7__cxx1112basic_stringIcSt11char_traitsIcESaIcEEEEC1Ev -> __gnu_cxx::new_allocator<..>::new_allocator
_ZN9__gnu_cxxneIPKNSt7__cxx1112basic_stringIcSt11char_traitsIcESaIcEEESt6vectorIS6_SaIS6_EEEEbRKNS_17__normal_iteratorIT_T0_EESH_ -> __gnu_cxx::operator!=<..>
_ZNSt6vectorINSt7__cxx1112basic_stringIcSt11char_traitsIcESaIcEEESaIS5_EEC2ERKS7_ -> std::vector<..>::vector
_ZNK9__gnu_cxx17__normal_iteratorIPKNSt7__cxx1112basic_stringIcSt11char_traitsIcESaIcEEESt6vectorIS6_SaIS6_EEEdeEv -> __gnu_cxx::__normal_iterator<..>::operator*
_ZSt10_ConstructINSt7__cxx1112basic_stringIcSt11char_traitsIcESaIcEEEJRKS5_EEvPT_DpOT0_ -> std::_Construct<..>
_ZNSaINSt7__cxx1112basic_stringIcSt11char_traitsIcESaIcEEEED2Ev -> std::allocator<..>::~allocator
_ZNSaINSt7__cxx1112basic_stringIcSt11char_traitsIcESaIcEEEEC2ERKS5_ -> std::allocator<..>::allocator
_ZNSaINSt7__cxx1112basic_stringIcSt11char_traitsIcESaIcEEEEC2Ev -> std::allocator<..>::allocator
_ZNSt20__uninitialized_copyILb0EE13__uninit_copyIN9__gnu_cxx17__normal_iteratorIPKNSt7__cxx1112basic_stringIcSt11char_traitsIcESaIcEEESt6vectorIS9_SaIS9_EEEEPS9_EET0_T_SI_SH_ -> std::__uninitialized_copy<..>::__uninit_copy<..>
_fini -> _fini
_ZN9__gnu_cxx13new_allocatorINSt7__cxx1112basic_stringIcSt11char_traitsIcESaIcEEEEC2Ev -> __gnu_cxx::new_allocator<..>::new_allocator
_ZSt8_DestroyIPNSt7__cxx1112basic_stringIcSt11char_traitsIcESaIcEEES5_EvT_S7_RSaIT0_E -> std::_Destroy<..>
_ZN9__gnu_cxx13new_allocatorINSt7__cxx1112basic_stringIcSt11char_traitsIcESaIcEEEEC2ERKS7_ -> __gnu_cxx::new_allocator<..>::new_allocator
_ZNSt6vectorINSt7__cxx1112basic_stringIcSt11char_traitsIcESaIcEEESaIS5_EED2Ev -> std::vector<..>::~vector
_ZNKSt12_Vector_baseINSt7__cxx1112basic_stringIcSt11char_traitsIcESaIcEEESaIS5_EE19_M_get_Tp_allocatorEv -> std::_Vector_base<..>::_M_get_Tp_allocator
_ZNKSt6vectorINSt7__cxx1112basic_stringIcSt11char_traitsIcESaIcEEESaIS5_EE3endEv -> std::vector<..>::end
_ZnwmPv -> operator new
_ZN9__gnu_cxx13new_allocatorINSt7__cxx1112basic_stringIcSt11char_traitsIcESaIcEEEED2Ev -> __gnu_cxx::new_allocator<..>::~new_allocator
_ZNSt12_Vector_baseINSt7__cxx1112basic_stringIcSt11char_traitsIcESaIcEEESaIS5_EE13_M_deallocateEPS5_m -> std::_Vector_base<..>::_M_deallocate
_ZNSt8ios_base4InitD1Ev@@GLIBCXX_3.4 -> std::ios_base::Init::~Init
_ZNKSt6vectorINSt7__cxx1112basic_stringIcSt11char_traitsIcESaIcEEESaIS5_EE4sizeEv -> std::vector<..>::size
_ZNSt16allocator_traitsISaINSt7__cxx1112basic_stringIcSt11char_traitsIcESaIcEEEEE10deallocateERS6_PS5_m -> std::allocator_traits<..>::deallocate
_ZNKSt6vectorINSt7__cxx1112basic_stringIcSt11char_traitsIcESaIcEEESaIS5_EE5beginEv -> std::vector<..>::begin
_ZNSt6vectorINSt7__cxx1112basic_stringIcSt11char_traitsIcESaIcEEESaIS5_EEC2ESt16initializer_listIS5_ERKS6_ -> std::vector<..>::vector
_ZNSt12_Vector_baseINSt7__cxx1112basic_stringIcSt11char_traitsIcESaIcEEESaIS5_EE12_Vector_implD2Ev -> std::_Vector_base<..>::_Vector_impl::~_Vector_impl
_ZNSt12_Vector_baseINSt7__cxx1112basic_stringIcSt11char_traitsIcESaIcEEESaIS5_EE19_M_get_Tp_allocatorEv -> std::_Vector_base<..>::_M_get_Tp_allocator
_ZN9__gnu_cxx13new_allocatorINSt7__cxx1112basic_stringIcSt11char_traitsIcESaIcEEEE8allocateEmPKv -> __gnu_cxx::new_allocator<..>::allocate
_ZN10ANameSpace14InternalStruct6nested12nestedMethodEi -> ANameSpace::InternalStruct::nested::nestedMethod
_ZNK9__gnu_cxx17__normal_iteratorIPKNSt7__cxx1112basic_stringIcSt11char_traitsIcESaIcEEESt6vectorIS6_SaIS6_EEE4baseEv -> __gnu_cxx::__normal_iterator<..>::base
_ZNSaINSt7__cxx1112basic_stringIcSt11char_traitsIcESaIcEEEEC1Ev -> std::allocator<..>::allocator
_ZNSt12_Vector_baseINSt7__cxx1112basic_stringIcSt11char_traitsIcESaIcEEESaIS5_EEC2EmRKS6_ -> std::_Vector_base<..>::_Vector_base
_ZNSt12_Vector_baseINSt7__cxx1112basic_stringIcSt11char_traitsIcESaIcEEESaIS5_EEC2ERKS6_ -> std::_Vector_base<..>::_Vector_base
_ZNSt12_Vector_baseINSt7__cxx1112basic_stringIcSt11char_traitsIcESaIcEEESaIS5_EE12_Vector_implC2ERKS6_ -> std::_Vector_base<..>::_Vector_impl::_Vector_impl
_ZNKSt16initializer_listINSt7__cxx1112basic_stringIcSt11char_traitsIcESaIcEEEE5beginEv -> std::initializer_list<..>::begin
_ZNSt12_Vector_baseINSt7__cxx1112basic_stringIcSt11char_traitsIcESaIcEEESaIS5_EE11_M_allocateEm -> std::_Vector_base<..>::_M_allocate
__libc_csu_init -> __libc_csu_init
_ZNKSt16initializer_listINSt7__cxx1112basic_stringIcSt11char_traitsIcESaIcEEEE4sizeEv -> std::initializer_list<..>::size
_ZN7OutsideC1Ei -> Outside::Outside
_ZSt10__distanceIPKNSt7__cxx1112basic_stringIcSt11char_traitsIcESaIcEEEENSt15iterator_traitsIT_E15difference_typeES9_S9_St26random_access_iterator_tag -> std::__distance<..>
_ZSt22__uninitialized_copy_aIN9__gnu_cxx17__normal_iteratorIPKNSt7__cxx1112basic_stringIcSt11char_traitsIcESaIcEEESt6vectorIS7_SaIS7_EEEEPS7_S7_ET0_T_SG_SF_RSaIT1_E -> std::__uninitialized_copy_a<..>
_ZNSt12_Vector_baseINSt7__cxx1112basic_stringIcSt11char_traitsIcESaIcEEESaIS5_EE12_Vector_implD1Ev -> std::_Vector_base<..>::_Vector_impl::~_Vector_impl
_ZN9__gnu_cxx17__normal_iteratorIPKNSt7__cxx1112basic_stringIcSt11char_traitsIcESaIcEEESt6vectorIS6_SaIS6_EEEC2ERKS8_ -> __gnu_cxx::__normal_iterator<..>::__normal_iterator
_ZN9__gnu_cxx17__normal_iteratorIPKNSt7__cxx1112basic_stringIcSt11char_traitsIcESaIcEEESt6vectorIS6_SaIS6_EEEppEv -> __gnu_cxx::__normal_iterator<..>::operator++
_ZN7OutsideC2Ei -> Outside::Outside
_ZSt19__iterator_categoryIPKNSt7__cxx1112basic_stringIcSt11char_traitsIcESaIcEEEENSt15iterator_traitsIT_E17iterator_categoryERKS9_ -> std::__iterator_category<..>
_ZSt11__addressofINSt7__cxx1112basic_stringIcSt11char_traitsIcESaIcEEEEPT_RS6_ -> std::__addressof<..>
_ZNSt6vectorINSt7__cxx1112basic_stringIcSt11char_traitsIcESaIcEEESaIS5_EEC1ERKS7_ -> std::vector<..>::vector
_ZNSt16allocator_traitsISaINSt7__cxx1112basic_stringIcSt11char_traitsIcESaIcEEEEE8allocateERS6_m -> std::allocator_traits<..>::allocate
_ZN10ANameSpace14InternalStruct6nested12nestedMethodEv -> ANameSpace::InternalStruct::nested::nestedMethod
_ZNSt12_Destroy_auxILb0EE9__destroyIPNSt7__cxx1112basic_stringIcSt11char_traitsIcESaIcEEEEEvT_S9_ -> std::_Destroy_aux<..>::__destroy<..>
_ZSt8distanceIPKNSt7__cxx1112basic_stringIcSt11char_traitsIcESaIcEEEENSt15iterator_traitsIT_E15difference_typeES9_S9_ -> std::distance<..>
_ZSt8_DestroyINSt7__cxx1112basic_stringIcSt11char_traitsIcESaIcEEEEvPT_ -> std::_Destroy<..>
_ZNSaINSt7__cxx1112basic_stringIcSt11char_traitsIcESaIcEEEED1Ev -> std::allocator<..>::~allocator
_ZNSt6vectorINSt7__cxx1112basic_stringIcSt11char_traitsIcESaIcEEESaIS5_EEC1ESt16initializer_listIS5_ERKS6_ -> std::vector<..>::vector
_ZNSt20__uninitialized_copyILb0EE13__uninit_copyIPKNSt7__cxx1112basic_stringIcSt11char_traitsIcESaIcEEEPS7_EET0_T_SC_SB_ -> std::__uninitialized_copy<..>::__uninit_copy<..>
_ZSt18uninitialized_copyIN9__gnu_cxx17__normal_iteratorIPKNSt7__cxx1112basic_stringIcSt11char_traitsIcESaIcEEESt6vectorIS7_SaIS7_EEEEPS7_ET0_T_SG_SF_ -> std::uninitialized_copy<..>
_ZNSt6vectorINSt7__cxx1112basic_stringIcSt11char_traitsIcESaIcEEESaIS5_EE19_M_range_initializeIPKS5_EEvT_SB_St20forward_iterator_tag -> std::vector<..>::_M_range_initialize<..>
_ZNK9__gnu_cxx13new_allocatorINSt7__cxx1112basic_stringIcSt11char_traitsIcESaIcEEEE8max_sizeEv -> __gnu_cxx::new_allocator<..>::max_size
_ZN9__gnu_cxx13new_allocatorINSt7__cxx1112basic_stringIcSt11char_traitsIcESaIcEEEED1Ev -> __gnu_cxx::new_allocator<..>::~new_allocator
_ZNSt12_Vector_baseINSt7__cxx1112basic_stringIcSt11char_traitsIcESaIcEEESaIS5_EE12_Vector_implC1ERKS6_ -> std::_Vector_base<..>::_Vector_impl::_Vector_impl
_ZNKSt16initializer_listINSt7__cxx1112basic_stringIcSt11char_traitsIcESaIcEEEE3endEv -> std::initializer_list<..>::end
_ZN10ANameSpace14InternalStruct6nested12nestedMethodENSt7__cxx1112basic_stringIcSt11char_traitsIcESaIcEEE -> ANameSpace::InternalStruct::nested::nestedMethod
_ZdlPvS_ -> operator delete
__gxx_personality_v0@@CXXABI_1.3 -> __gxx_personality_v0@@CXXABI_1.3
_ZNSt12_Vector_baseINSt7__cxx1112basic_stringIcSt11char_traitsIcESaIcEEESaIS5_EED1Ev -> std::_Vector_base<..>::~_Vector_base
_ZN9__gnu_cxx17__normal_iteratorIPKNSt7__cxx1112basic_stringIcSt11char_traitsIcESaIcEEESt6vectorIS6_SaIS6_EEEC1ERKS8_ -> __gnu_cxx::__normal_iterator<..>::__normal_iterator
_ZNSaINSt7__cxx1112basic_stringIcSt11char_traitsIcESaIcEEEEC1ERKS5_ -> std::allocator<..>::allocator
_ZNSt12_Vector_baseINSt7__cxx1112basic_stringIcSt11char_traitsIcESaIcEEESaIS5_EED2Ev -> std::_Vector_base<..>::~_Vector_base
_ZSt22__uninitialized_copy_aIPKNSt7__cxx1112basic_stringIcSt11char_traitsIcESaIcEEEPS5_S5_ET0_T_SA_S9_RSaIT1_E -> std::__uninitialized_copy_a<..>
main -> main
_ZN9__gnu_cxx14__alloc_traitsISaINSt7__cxx1112basic_stringIcSt11char_traitsIcESaIcEEEES6_E17_S_select_on_copyERKS7_ -> __gnu_cxx::__alloc_traits<..>::_S_select_on_copy
_init -> _init
