VFTR_OFF: true
VFTR_SAMPLING(default): false
VFTR_REGIONS_PRECISE(default): true
VFTR_OUT_DIRECTORY(default): .
VFTR_LOGFILE_BASENAME(default): (null)
VFTR_LOGFILE_ALL_RANKS(default): false
VFTR_SAMPLETIME(default): 0.01
VFTR_STOPTIME(default): 604800
VFTR_ACCURATE_PROFILE(default): false
VFTR_PROF_TRUNCATE(default): true
VFTR_MPI_LOG(default): false
VFTR_MPI_SHOW_SYNC_TIME(default): false
VFTR_SIGNALS_OFF(default): true
VFTR_BUFSIZE(default): 8
VFTR_ACCURATE_PROFILE(default): false
VFTR_DETAIL_UNTIL_CUM_CYCLES(default): 90.00
VFTR_SCENARIO_FILE(default): (null)
VFTR_LICENSE_VERBOSE(default): false
VFTR_PRINT_STACKS_FOR(default): (null)
VFTR_PRINT_LOADINFO_FOR(default): (null)
***************************
VFTR_OFF: false
VFTR_SAMPLING: true
VFTR_REGIONS_PRECISE: false
VFTR_OUT_DIRECTORY: "foo/bar"
VFTR_LOGFILE_BASENAME(default): (null)
VFTR_LOGFILE_ALL_RANKS(default): false
VFTR_SAMPLETIME: 12.34
VFTR_STOPTIME(default): 604800
VFTR_ACCURATE_PROFILE(default): false
VFTR_PROF_TRUNCATE(default): true
VFTR_MPI_LOG: true
VFTR_MPI_SHOW_SYNC_TIME(default): false
VFTR_SIGNALS_OFF(default): true
VFTR_BUFSIZE: 1234
VFTR_ACCURATE_PROFILE(default): false
VFTR_DETAIL_UNTIL_CUM_CYCLES(default): 90.00
VFTR_SCENARIO_FILE(default): (null)
VFTR_LICENSE_VERBOSE(default): false
VFTR_PRINT_STACKS_FOR(default): (null)
VFTR_PRINT_LOADINFO_FOR(default): (null)
