Vftrace environment variable VFTR_OF not known. Do you mean VFTR_OFF?
Vftrace environment variable VFTR_TRUNCATE not known. Do you mean VFTR_PROF_TRUNCATE?
