Checking reproducibility of SX Aurora hardware counters
Averaging over 50 iterations
i: 0, c: 93
i: 1, c: 3
i: 2, c: 49
i: 3, c: 98
i: 4, c: 134
i: 5, c: 0
i: 6, c: 98
i: 7, c: 2
i: 8, c: 93
i: 9, c: 0
i: 10, c: 5
i: 11, c: 49
i: 12, c: 0
i: 13, c: 24
i: 14, c: 0
