Initial vftr_stackscount: 0
init: 0 0
func2: 1 1
func3: 2 2
func4: 3 3
func5: 4 4
func6: 5 5
func4: 6 6
Global stacklist: 
Global call stacks:
-----------------------------
     ID             Functions
-----------------------------
 STID0 init
 STID1 func2<init
 STID2 func3<init
 STID3 func4<func3<init
 STID4 func5<func2<init
 STID5 func6<func2<init
 STID6 func4<func6<func2<init
-----------------------------
