     0.000000    2  *init<
     0.000000    3  *func2<init<
     0.000000    4  *func3<init<
     0.000000    5  *func4<func3<init<
     0.000000    6  *func5<func2<init<
     0.000000    7  *func6<func2<init<
     0.000000    8  *func4<func6<func2<init<
