MPI size          1
Total runtime:        0.45 seconds
Application time:     0.45 seconds
Overhead:             0.00 seconds (0.00%)

Raw counter totals
------------------------------------------------------------
Time Stamp Counter                    :                    0
------------------------------------------------------------

Runtime profile
---------------------------
     Time[s]____ 
 Cal Excl  Incl  %abs %cum Function Caller ID 
 ---------------------------
   9 0.090 0.180 20.0 20.0 func4(0)    func6   3
   8 0.080 0.160 17.8 37.8 func6(1)    func2   5
   7 0.070 0.140 15.6 53.3 func5(2)    func2   7
   6 0.060 0.120 13.3 66.7 func4(3)    func3   6
   5 0.050 0.100 11.1 77.8 func3(4)    init    4
   4 0.040 0.080  8.9 86.7 func2(5)    init    0
---------------------------

