init found at indices: 0 
func2 found at indices: 1 4 
func3 found at indices: 2 
func4 found at indices: 3 
