init found at indices: 1 2 
func2 found at indices: 3 6 
func3 found at indices: 4 
func4 found at indices: 5 
