Initial vftr_stackscount: 2
init: 2 1
func2: 3 0
func3: 4 4
func4: 5 6
func5: 6 7
func6: 7 5
func4: 8 3
