Initial vftr_stackscount: 2
Check additional MPI entries:
Function: MPI_Init
	Called from: init
	Currently calling: -/-
	First in next Level: -/-
	Next in current Level: MPI_Init
	Root: init
	precise: false
	ID: 1
	Group ID: 1
	Recursion depth: 0
	StackHash: 4140840512898750518
	Exclude: 0
Function: init
	Called from: -/-
	Currently calling: MPI_Init
	First in next Level: MPI_Init
	Next in current Level: init
	Root: init
	precise: false
	ID: 0
	Group ID: 0
	Recursion depth: 0
	StackHash: 1310819102837842233
	Exclude: 0
Check test entries:
Function: init_vftr
	Called from: -/-
	Currently calling: test_1
	First in next Level: test_1
	Next in current Level: -/-
	Root: init_vftr
	precise: false
	ID: 2
	Group ID: -1
	Recursion depth: 0
	StackHash: 15403095947709970261
	Exclude: 0
Function: test_1
	Called from: init_vftr
	Currently calling: -/-
	First in next Level: -/-
	Next in current Level: test_1
	Root: init_vftr
	precise: true
	ID: 3
	Group ID: -1
	Recursion depth: 0
	StackHash: 12005762785240717593
	Exclude: 0
