Initial vftr_stackscount: 2
Check additional MPI entries:
Function: MPI_Init
	Called from: init
	Currently calling: -/-
	First in next Level: -/-
	Next in current Level: MPI_Init
	Root: init
	precise: false
	ID: 1
	Group ID: 1
	Recursion depth: 0
	StackHash: 4140840512898750518
	Exclude: 0
Function: init
	Called from: -/-
	Currently calling: MPI_Init
	First in next Level: MPI_Init
	Next in current Level: init
	Root: init
	precise: false
	ID: 0
	Group ID: 0
	Recursion depth: 0
	StackHash: 1310819102837842233
	Exclude: 0
Check test entries:
Function: init_vftr
	Called from: -/-
	Currently calling: func2
	First in next Level: func2
	Next in current Level: -/-
	Root: init_vftr
	precise: false
	ID: 2
	Group ID: -1
	Recursion depth: 0
	StackHash: 15403095947709970261
	Exclude: 0
Function: func2
	Called from: init_vftr
	Currently calling: func5
	First in next Level: func5
	Next in current Level: func3
	Root: init_vftr
	precise: false
	ID: 3
	Group ID: -1
	Recursion depth: 0
	StackHash: 12477145892117383178
	Exclude: 0
Function: func3
	Called from: init_vftr
	Currently calling: func4
	First in next Level: func4
	Next in current Level: func2
	Root: init_vftr
	precise: false
	ID: 4
	Group ID: -1
	Recursion depth: 0
	StackHash: 6394144206379927802
	Exclude: 0
Function: func4
	Called from: func3
	Currently calling: -/-
	First in next Level: -/-
	Next in current Level: func4
	Root: init_vftr
	precise: false
	ID: 5
	Group ID: -1
	Recursion depth: 0
	StackHash: 3805102824116269950
	Exclude: 0
Function: func5
	Called from: func2
	Currently calling: -/-
	First in next Level: -/-
	Next in current Level: func6
	Root: init_vftr
	precise: false
	ID: 6
	Group ID: -1
	Recursion depth: 0
	StackHash: 5273649837550830595
	Exclude: 0
Function: func6
	Called from: func2
	Currently calling: func4
	First in next Level: func4
	Next in current Level: func5
	Root: init_vftr
	precise: false
	ID: 7
	Group ID: -1
	Recursion depth: 0
	StackHash: 2564090743405391060
	Exclude: 0
Function: func4
	Called from: func6
	Currently calling: -/-
	First in next Level: -/-
	Next in current Level: func4
	Root: init_vftr
	precise: false
	ID: 8
	Group ID: -1
	Recursion depth: 0
	StackHash: 15442597198475932591
	Exclude: 0
Test if callee pointer is changed properly
Function: func2
	Called from: init_vftr
	Currently calling: func6
	First in next Level: func5
	Next in current Level: func3
	Root: init_vftr
	precise: false
	ID: 3
	Group ID: -1
	Recursion depth: 0
	StackHash: 12477145892117383178
	Exclude: 0
vftr_func_table_size: 10000
vftr_stackscount: 9
Check functions registered in function table: 
Function: init_vftr
	Called from: -/-
	Currently calling: func2
	First in next Level: func2
	Next in current Level: -/-
	Root: init_vftr
	precise: false
	ID: 2
	Group ID: -1
	Recursion depth: 0
	StackHash: 15403095947709970261
	Exclude: 0
Function: func2
	Called from: init_vftr
	Currently calling: func6
	First in next Level: func5
	Next in current Level: func3
	Root: init_vftr
	precise: false
	ID: 3
	Group ID: -1
	Recursion depth: 0
	StackHash: 12477145892117383178
	Exclude: 0
Function: func3
	Called from: init_vftr
	Currently calling: func4
	First in next Level: func4
	Next in current Level: func2
	Root: init_vftr
	precise: false
	ID: 4
	Group ID: -1
	Recursion depth: 0
	StackHash: 6394144206379927802
	Exclude: 0
Function: func4
	Called from: func3
	Currently calling: -/-
	First in next Level: -/-
	Next in current Level: func4
	Root: init_vftr
	precise: false
	ID: 5
	Group ID: -1
	Recursion depth: 0
	StackHash: 3805102824116269950
	Exclude: 0
Function: func5
	Called from: func2
	Currently calling: -/-
	First in next Level: -/-
	Next in current Level: func6
	Root: init_vftr
	precise: false
	ID: 6
	Group ID: -1
	Recursion depth: 0
	StackHash: 5273649837550830595
	Exclude: 0
Function: func6
	Called from: func2
	Currently calling: func4
	First in next Level: func4
	Next in current Level: func5
	Root: init_vftr
	precise: false
	ID: 7
	Group ID: -1
	Recursion depth: 0
	StackHash: 2564090743405391060
	Exclude: 0
Function: func4
	Called from: func6
	Currently calling: -/-
	First in next Level: -/-
	Next in current Level: func4
	Root: init_vftr
	precise: false
	ID: 8
	Group ID: -1
	Recursion depth: 0
	StackHash: 15442597198475932591
	Exclude: 0
